19:13:12.639 [main] INFO  c.p.module3.module3.action.Commands - Logging message: Show teacher with name Jo, surnamed 
19:18:20.133 [main] INFO  c.p.module3.module3.action.Commands - User search group with name sfa
19:18:24.054 [main] INFO  c.p.module3.module3.action.Commands - User search count students
19:18:28.200 [main] INFO  c.p.module3.module3.action.Commands - User search middle group grade
19:18:34.833 [main] INFO  c.p.module3.module3.action.Commands - User search teacher with name Jo, surnamef 
19:19:00.776 [main] INFO  c.p.module3.module3.action.Commands - User search student with name 9
19:19:54.232 [main] INFO  c.p.module3.module3.action.Commands - User leave program
